{
  "Location": null,
  "Value": {
    "Id": 1,
    "Name": "jkl"
  },
  "Formatters": [],
  "ContentTypes": [],
  "DeclaredType": null,
  "StatusCode": 202
}
