{
  "Value": [
    {
      "Id": 1,
      "Name": "test store 1"
    },
    {
      "Id": 1,
      "Name": "test store 2"
    },
    {
      "Id": 1,
      "Name": "test store 3"
    }
  ],
  "Formatters": [],
  "ContentTypes": [],
  "DeclaredType": null,
  "StatusCode": 200
}
