{
  "Location": "/Store/1",
  "Value": {
    "Id": 1,
    "Name": "abcdef"
  },
  "Formatters": [],
  "ContentTypes": [],
  "DeclaredType": null,
  "StatusCode": 201
}
